I'm sorry, but errors were detected in your script. Please correct the
errors listed below, and try again.


File "game/script.rpy", line 101: expected statement.
    correct
           ^

Ren'Py Version: Ren'Py 8.0.0.22062402
Fri Aug 19 22:57:47 2022
